yabeyasutaka@yabeyasushitakashinoMacBook-Pro git_challenge % git add hello_world.txt 
yabeyasutaka@yabeyasushitakashinoMacBook-Pro git_challenge % ls
hello_world.txt
yabeyasutaka@yabeyasushitakashinoMacBook-Pro git_challenge % echo 'Hello, world!' >> hello_world.txt
yabeyasutaka@yabeyasushitakashinoMacBook-Pro git_challenge % git commit -m "課題"                   
[main (root-commit) b2ff315] 課題
 1 file changed, 2 insertions(+)
 create mode 100644 hello_world.txt
yabeyasutaka@yabeyasushitakashinoMacBook-Pro git_challenge % echo "こんにちは、世界\！" >> hello_world.txt
yabeyasutaka@yabeyasushitakashinoMacBook-Pro git_challenge % git add hello_world.txt                      
yabeyasutaka@yabeyasushitakashinoMacBook-Pro git_challenge % git commit -m "課題"                         
[main 8bce820] 課題
 1 file changed, 2 insertions(+)
yabeyasutaka@yabeyasushitakashinoMacBook-Pro git_challenge % git log --oneline                            
8bce820 (HEAD -> main) 課題
b2ff315 課題
yabeyasutaka@yabeyasushitakashinoMacBook-Pro git_challenge % 