yabeyasutaka@yabeyasushitakashinoMacBook-Pro git_challenge % touch hello_world.txt
yabeyasutaka@yabeyasushitakashinoMacBook-Pro git_challenge % git add hello_world.txt
yabeyasutaka@yabeyasushitakashinoMacBook-Pro git_challenge % echo "こんにちは、世界\！" >> hello_world.txt
yabeyasutaka@yabeyasushitakashinoMacBook-Pro git_challenge % git commit -m "課題"                       
[main 31fb8dc] 課題
 1 file changed, 0 insertions(+), 0 deletions(-)
 create mode 100644 hello_world.txt
yabeyasutaka@yabeyasushitakashinoMacBook-Pro git_challenge % echo 'Hello, world!' >> hello_world.txt      
yabeyasutaka@yabeyasushitakashinoMacBook-Pro git_challenge % git commit -m "課題"                         
On branch main
Changes not staged for commit:
  (use "git add <file>..." to update what will be committed)
  (use "git restore <file>..." to discard changes in working directory)
	modified:   hello_world.txt

no changes added to commit (use "git add" and/or "git commit -a")
yabeyasutaka@yabeyasushitakashinoMacBook-Pro git_challenge % git add hello_world.txt                    
yabeyasutaka@yabeyasushitakashinoMacBook-Pro git_challenge % git commit -m "課題"                   
[main cd5a3b7] 課題
 1 file changed, 2 insertions(+)
yabeyasutaka@yabeyasushitakashinoMacBook-Pro git_challenge % git log --oneline                          

cd5a3b7 (HEAD -> main) 課題
31fb8dc 課題
4a531b3 課題
9310d64 課題
0ad1f40 課題
yabeyasutaka@yabeyasushitakashinoMacBook-Pro git_challenge % 